22
48
58
58
172
120
0
1440
3
8
4181
6765
10946
63245986
0
100
101
102
0
0
102
0
1
1
2
2
6765
